09:16:45 [1-125] 기존 덤프 이어받음: 10 판
09:16:45 [1-125] 시작: 남은 365판 (L4~L125)
09:18:11 [1-125] 1/365 · L4 승 · 총 11판
09:23:21 [1-125] 11/365 · L7 승 · 총 21판
09:23:55 [1-125] 기존 덤프 이어받음: 20 판
09:23:55 [1-125] 시작: 남은 355판 (L7~L125)
09:25:00 [1-125] 1/355 · L7 승 · 총 21판
09:29:25 [1-125] 11/355 · L11 승 · 총 31판
09:34:09 [1-125] 21/355 · L14 승 · 총 41판
09:38:48 [1-125] 31/355 · L17 승 · 총 51판
09:43:31 [1-125] 41/355 · L21 승 · 총 61판
09:48:30 [1-125] 51/355 · L24 승 · 총 71판
09:52:33 [1-125] 시작: 남은 295판 (L27~L125)
09:54:13 [1-125] 1/295 · L27 승 · 총 81판
10:01:44 [1-125] 11/295 · L31 승 · 총 91판
10:07:13 [1-125] 21/295 · L34 승 · 총 101판
10:12:21 [1-125] 31/295 · L37 승 · 총 111판
10:17:44 [1-125] 41/295 · L41 승 · 총 121판
10:23:00 [1-125] 51/295 · L44 승 · 총 131판
10:27:51 [1-125] 시작: 남은 235판 (L47~L125)
10:29:44 [1-125] 1/235 · L47 승 · 총 141판
10:35:18 [1-125] 11/235 · L51 승 · 총 151판
10:40:38 [1-125] 21/235 · L54 승 · 총 161판
10:46:14 [1-125] 31/235 · L57 승 · 총 171판
10:51:00 [1-125] 41/235 · L61 승 · 총 181판
10:55:56 [1-125] 51/235 · L64 승 · 총 191판
11:00:25 [1-125] 시작: 남은 175판 (L67~L125)
11:01:52 [1-125] 1/175 · L67 승 · 총 201판
11:08:24 [1-125] 11/175 · L71 승 · 총 211판
11:13:42 [1-125] 21/175 · L74 승 · 총 221판
11:18:52 [1-125] 31/175 · L77 승 · 총 231판
11:23:58 [1-125] 41/175 · L81 승 · 총 241판
11:29:10 [1-125] 51/175 · L84 승 · 총 251판
11:33:46 [1-125] 시작: 남은 115판 (L87~L125)
11:35:38 [1-125] 1/115 · L87 승 · 총 261판
11:42:49 [1-125] 11/115 · L91 승 · 총 271판
11:46:44 [1-125] 정체 상태: {"cleared":30,"boardLeft":10,"sim":true,"deal":false,"end":false,"coach":false,"tip":false,"win":false,"stock":0}
11:46:44 [1-125] L92 판 실패 — 재시동 후 재시도
11:46:44 [1-125] ⚠ run-failed — 30초 후 재개
11:47:14 [1-125] 시작: 남은 100판 (L92~L125)
11:49:38 [1-125] 1/100 · L92 승 · 총 276판
11:58:30 [1-125] 11/100 · L96 승 · 총 286판
12:04:28 [1-125] 21/100 · L99 승 · 총 296판
12:10:30 [1-125] 31/100 · L102 승 · 총 306판
12:16:10 [1-125] 41/100 · L106 승 · 총 316판
12:21:57 [1-125] 51/100 · L109 승 · 총 326판
12:26:35 [1-125] 시작: 남은 40판 (L112~L125)
12:28:00 [1-125] 1/40 · L112 승 · 총 336판
12:34:02 [1-125] 11/40 · L116 승 · 총 346판
12:39:53 [1-125] 21/40 · L119 승 · 총 356판
12:45:28 [1-125] 31/40 · L122 승 · 총 366판
12:51:25 [1-125] 정체 상태: {"cleared":37,"boardLeft":2,"sim":true,"deal":false,"end":false,"coach":false,"tip":false,"win":false,"stock":0}
12:51:25 [1-125] L125 판 실패 — 재시동 후 재시도
12:51:25 [1-125] ⚠ run-failed — 30초 후 재개
12:51:55 [1-125] 시작: 남은 1판 (L125~L125)
12:53:10 [1-125] 1/1 · L125 승 · 총 375판
12:53:11 [1-125] ✅ 완료 — 375 판 → scripts/reports/sweep-1-125.json
12:53:11 [1-125] 종료
12:53:12 [126-250] 기존 덤프 이어받음: 3 판
12:53:12 [126-250] 시작: 남은 372판 (L127~L250)
12:55:10 [126-250] 1/372 · L127 승 · 총 4판
13:02:25 [126-250] 11/372 · L130 승 · 총 14판
13:08:13 [126-250] 21/372 · L133 승 · 총 24판
13:13:39 [126-250] 31/372 · L137 승 · 총 34판
13:19:32 [126-250] 41/372 · L140 승 · 총 44판
13:24:48 [126-250] 51/372 · L143 승 · 총 54판
13:29:31 [126-250] ⚠ page.evaluate: Execution context was destroyed, most likely because of a navigation — 30초 후 재개
13:30:08 [126-250] 기존 덤프 이어받음: 62 판
13:30:08 [126-250] 시작: 남은 313판 (L146~L250)
13:32:28 [126-250] 1/313 · L146 승 · 총 63판
13:40:16 [126-250] 11/313 · L150 승 · 총 73판
13:45:58 [126-250] 21/313 · L153 승 · 총 83판
13:51:06 [126-250] 31/313 · L156 승 · 총 93판
13:56:10 [126-250] 41/313 · L160 승 · 총 103판
14:01:37 [126-250] 51/313 · L163 승 · 총 113판
14:06:06 [126-250] 시작: 남은 253판 (L166~L250)
14:07:35 [126-250] 1/253 · L166 승 · 총 123판
14:14:35 [126-250] 11/253 · L170 승 · 총 133판
14:21:17 [126-250] 21/253 · L173 승 · 총 143판
14:25:19 [126-250] ⚠ EPERM: operation not permitted, rename 'D:\Dev\CasualGame\games\Solitare\scripts\reports\sweep-126-250.json.tmp' -> 'D:\ — 30초 후 재개
14:25:49 [126-250] 시작: 남은 225판 (L176~L250)
14:27:14 [126-250] 1/225 · L176 승 · 총 151판
14:33:18 [126-250] 11/225 · L179 승 · 총 161판
14:39:07 [126-250] 21/225 · L182 승 · 총 171판
